// 重构日志: 2b6e02c2
// 重构日志: 93159b03
// 重构日志: 6c029e11
// 同步 ID: 19a03786 @ Thu Jul 23 16:43:13 UTC 2026
// 重构日志: 524f06a5
// 同步 ID: ad3b9c63 @ Sat Jul 25 16:12:51 UTC 2026
// 同步 ID: 508e14ad @ Sun Jul 26 12:40:02 UTC 2026
// 重构日志: f23e48b6
// 重构日志: a9053ce6
// 同步 ID: dbbd7f53 @ Wed Jul 29 00:31:41 UTC 2026
// 重构日志: 1afa1c6f
// 重构日志: fcb1d746
// 同步 ID: aca00c11 @ Thu Jul 30 16:35:16 UTC 2026
// 同步 ID: 176b3f17 @ Fri Jul 31 11:52:16 UTC 2026
// 重构日志: 90d16821
// 重构日志: 66ac5956
// 同步 ID: 319cdb79 @ Sun Aug  2 11:39:17 UTC 2026
// 重构日志: 52f4d596
// 重构日志: 220d20cf
// 同步 ID: 278f561c @ Mon Aug  3 22:22:06 UTC 2026
// 同步 ID: 7a3f39da @ Tue Aug  4 01:59:03 UTC 2026
// 同步 ID: f8de602c @ Tue Aug  4 07:57:56 UTC 2026
// 重构日志: 8e4344a9
// 重构日志: dfe2562d
// 同步 ID: 2f708a8d @ Wed Aug  5 04:52:06 UTC 2026
// 重构日志: e30a4fda
// 重构日志: 3cf34fd7
// 重构日志: bcca854f
// 重构日志: 7386e56f
// 同步 ID: 2965451a @ Sat Aug  8 12:12:27 UTC 2026
